financebench_id_03029	401 UNAUTHENTICATED. {'error': {'code': 401, 'message': 'Request had invalid authentication credentials. Expected OAuth 2 access token, login cookie or other valid authentication credential. See https://developers.google.com/identity/sign-in/web/devconsole-project.', 'status': 'UNAUTHENTICATED', 'details': [{'@type': 'type.googleapis.com/google.rpc.ErrorInfo', 'reason': 'ACCESS_TOKEN_TYPE_UNSUPPORTED', 'metadata': {'method': 'google.ai.generativelanguage.v1beta.GenerativeService.GenerateContent', 'service': 'generativelanguage.googleapis.com'}}]}}
Traceback (most recent call last):
  File "/tmp/ipykernel_5714/3490092669.py", line 39, in embed_all_queries
    expanded_query, usage = expand_query(genai_client, row.question, expansion_model)
                            ~~~~~~~~~~~~^^^^^^^^^^^^^^^^^^^^^^^^^^^^^^^^^^^^^^^^^^^^^
  File "/tmp/ipykernel_5714/1185407202.py", line 10, in expand_query
    resp = _generate(genai_client, model, EXPANSION_PROMPT.format(question=question))
  File "/tmp/ipykernel_5714/3914611726.py", line 27, in wrapper
    return fn(*args, **kwargs)
  File "/tmp/ipykernel_5714/3914611726.py", line 120, in _generate
    return genai_client.models.generate_content(model=model, contents=prompt)
           ~~~~~~~~~~~~~~~~~~~~~~~~~~~~~~~~~~~~^^^^^^^^^^^^^^^^^^^^^^^^^^^^^^
  File "/usr/local/lib/python3.13/dist-packages/google/genai/models.py", line 6558, in generate_content
    response = self._generate_content(
        model=model, contents=contents, config=parsed_config_to_call
    )
  File "/usr/local/lib/python3.13/dist-packages/google/genai/models.py", line 4986, in _generate_content
    response = self._api_client.request(
        'post', path, request_dict, http_options
    )
  File "/usr/local/lib/python3.13/dist-packages/google/genai/_api_client.py", line 1650, in request
    response = self._request(http_request, http_options, stream=False)
  File "/usr/local/lib/python3.13/dist-packages/google/genai/_api_client.py", line 1443, in _request
    return self._retry(self._request_once, http_request, stream)  # type: ignore[no-any-return]
           ~~~~~~~~~~~^^^^^^^^^^^^^^^^^^^^^^^^^^^^^^^^^^^^^^^^^^
  File "/usr/local/lib/python3.13/dist-packages/tenacity/__init__.py", line 470, in __call__
    do = self.iter(retry_state=retry_state)
  File "/usr/local/lib/python3.13/dist-packages/tenacity/__init__.py", line 371, in iter
    result = action(retry_state)
  File "/usr/local/lib/python3.13/dist-packages/tenacity/__init__.py", line 413, in exc_check
    raise retry_exc.reraise()
          ~~~~~~~~~~~~~~~~~^^
  File "/usr/local/lib/python3.13/dist-packages/tenacity/__init__.py", line 184, in reraise
    raise self.last_attempt.result()
          ~~~~~~~~~~~~~~~~~~~~~~~~^^
  File "/usr/lib/python3.13/concurrent/futures/_base.py", line 453, in result
    return self.__get_result()
           ~~~~~~~~~~~~~~~~~^^
  File "/usr/lib/python3.13/concurrent/futures/_base.py", line 402, in __get_result
    raise self._exception
  File "/usr/local/lib/python3.13/dist-packages/tenacity/__init__.py", line 473, in __call__
    result = fn(*args, **kwargs)
  File "/usr/local/lib/python3.13/dist-packages/google/genai/_api_client.py", line 1420, in _request_once
    errors.APIError.raise_for_response(response)
    ~~~~~~~~~~~~~~~~~~~~~~~~~~~~~~~~~~^^^^^^^^^^
  File "/usr/local/lib/python3.13/dist-packages/google/genai/errors.py", line 155, in raise_for_response
    cls.raise_error(response.status_code, response_json, response)
    ~~~~~~~~~~~~~~~^^^^^^^^^^^^^^^^^^^^^^^^^^^^^^^^^^^^^^^^^^^^^^^
  File "/usr/local/lib/python3.13/dist-packages/google/genai/errors.py", line 184, in raise_error
    raise ClientError(status_code, response_json, response)
google.genai.errors.ClientError: 401 UNAUTHENTICATED. {'error': {'code': 401, 'message': 'Request had invalid authentication credentials. Expected OAuth 2 access token, login cookie or other valid authentication credential. See https://developers.google.com/identity/sign-in/web/devconsole-project.', 'status': 'UNAUTHENTICATED', 'details': [{'@type': 'type.googleapis.com/google.rpc.ErrorInfo', 'reason': 'ACCESS_TOKEN_TYPE_UNSUPPORTED', 'metadata': {'method': 'google.ai.generativelanguage.v1beta.GenerativeService.GenerateContent', 'service': 'generativelanguage.googleapis.com'}}]}}

---
financebench_id_04672	401 UNAUTHENTICATED. {'error': {'code': 401, 'message': 'Request had invalid authentication credentials. Expected OAuth 2 access token, login cookie or other valid authentication credential. See https://developers.google.com/identity/sign-in/web/devconsole-project.', 'status': 'UNAUTHENTICATED', 'details': [{'@type': 'type.googleapis.com/google.rpc.ErrorInfo', 'reason': 'ACCESS_TOKEN_TYPE_UNSUPPORTED', 'metadata': {'service': 'generativelanguage.googleapis.com', 'method': 'google.ai.generativelanguage.v1beta.GenerativeService.GenerateContent'}}]}}
Traceback (most recent call last):
  File "/tmp/ipykernel_5714/3490092669.py", line 39, in embed_all_queries
    expanded_query, usage = expand_query(genai_client, row.question, expansion_model)
                            ~~~~~~~~~~~~^^^^^^^^^^^^^^^^^^^^^^^^^^^^^^^^^^^^^^^^^^^^^
  File "/tmp/ipykernel_5714/1185407202.py", line 10, in expand_query
    resp = _generate(genai_client, model, EXPANSION_PROMPT.format(question=question))
  File "/tmp/ipykernel_5714/3914611726.py", line 27, in wrapper
    return fn(*args, **kwargs)
  File "/tmp/ipykernel_5714/3914611726.py", line 120, in _generate
    return genai_client.models.generate_content(model=model, contents=prompt)
           ~~~~~~~~~~~~~~~~~~~~~~~~~~~~~~~~~~~~^^^^^^^^^^^^^^^^^^^^^^^^^^^^^^
  File "/usr/local/lib/python3.13/dist-packages/google/genai/models.py", line 6558, in generate_content
    response = self._generate_content(
        model=model, contents=contents, config=parsed_config_to_call
    )
  File "/usr/local/lib/python3.13/dist-packages/google/genai/models.py", line 4986, in _generate_content
    response = self._api_client.request(
        'post', path, request_dict, http_options
    )
  File "/usr/local/lib/python3.13/dist-packages/google/genai/_api_client.py", line 1650, in request
    response = self._request(http_request, http_options, stream=False)
  File "/usr/local/lib/python3.13/dist-packages/google/genai/_api_client.py", line 1443, in _request
    return self._retry(self._request_once, http_request, stream)  # type: ignore[no-any-return]
           ~~~~~~~~~~~^^^^^^^^^^^^^^^^^^^^^^^^^^^^^^^^^^^^^^^^^^
  File "/usr/local/lib/python3.13/dist-packages/tenacity/__init__.py", line 470, in __call__
    do = self.iter(retry_state=retry_state)
  File "/usr/local/lib/python3.13/dist-packages/tenacity/__init__.py", line 371, in iter
    result = action(retry_state)
  File "/usr/local/lib/python3.13/dist-packages/tenacity/__init__.py", line 413, in exc_check
    raise retry_exc.reraise()
          ~~~~~~~~~~~~~~~~~^^
  File "/usr/local/lib/python3.13/dist-packages/tenacity/__init__.py", line 184, in reraise
    raise self.last_attempt.result()
          ~~~~~~~~~~~~~~~~~~~~~~~~^^
  File "/usr/lib/python3.13/concurrent/futures/_base.py", line 453, in result
    return self.__get_result()
           ~~~~~~~~~~~~~~~~~^^
  File "/usr/lib/python3.13/concurrent/futures/_base.py", line 402, in __get_result
    raise self._exception
  File "/usr/local/lib/python3.13/dist-packages/tenacity/__init__.py", line 473, in __call__
    result = fn(*args, **kwargs)
  File "/usr/local/lib/python3.13/dist-packages/google/genai/_api_client.py", line 1420, in _request_once
    errors.APIError.raise_for_response(response)
    ~~~~~~~~~~~~~~~~~~~~~~~~~~~~~~~~~~^^^^^^^^^^
  File "/usr/local/lib/python3.13/dist-packages/google/genai/errors.py", line 155, in raise_for_response
    cls.raise_error(response.status_code, response_json, response)
    ~~~~~~~~~~~~~~~^^^^^^^^^^^^^^^^^^^^^^^^^^^^^^^^^^^^^^^^^^^^^^^
  File "/usr/local/lib/python3.13/dist-packages/google/genai/errors.py", line 184, in raise_error
    raise ClientError(status_code, response_json, response)
google.genai.errors.ClientError: 401 UNAUTHENTICATED. {'error': {'code': 401, 'message': 'Request had invalid authentication credentials. Expected OAuth 2 access token, login cookie or other valid authentication credential. See https://developers.google.com/identity/sign-in/web/devconsole-project.', 'status': 'UNAUTHENTICATED', 'details': [{'@type': 'type.googleapis.com/google.rpc.ErrorInfo', 'reason': 'ACCESS_TOKEN_TYPE_UNSUPPORTED', 'metadata': {'service': 'generativelanguage.googleapis.com', 'method': 'google.ai.generativelanguage.v1beta.GenerativeService.GenerateContent'}}]}}

---
financebench_id_00499	401 UNAUTHENTICATED. {'error': {'code': 401, 'message': 'Request had invalid authentication credentials. Expected OAuth 2 access token, login cookie or other valid authentication credential. See https://developers.google.com/identity/sign-in/web/devconsole-project.', 'status': 'UNAUTHENTICATED', 'details': [{'@type': 'type.googleapis.com/google.rpc.ErrorInfo', 'reason': 'ACCESS_TOKEN_TYPE_UNSUPPORTED', 'metadata': {'method': 'google.ai.generativelanguage.v1beta.GenerativeService.GenerateContent', 'service': 'generativelanguage.googleapis.com'}}]}}
Traceback (most recent call last):
  File "/tmp/ipykernel_5714/3490092669.py", line 39, in embed_all_queries
    expanded_query, usage = expand_query(genai_client, row.question, expansion_model)
                            ~~~~~~~~~~~~^^^^^^^^^^^^^^^^^^^^^^^^^^^^^^^^^^^^^^^^^^^^^
  File "/tmp/ipykernel_5714/1185407202.py", line 10, in expand_query
    resp = _generate(genai_client, model, EXPANSION_PROMPT.format(question=question))
  File "/tmp/ipykernel_5714/3914611726.py", line 27, in wrapper
    return fn(*args, **kwargs)
  File "/tmp/ipykernel_5714/3914611726.py", line 120, in _generate
    return genai_client.models.generate_content(model=model, contents=prompt)
           ~~~~~~~~~~~~~~~~~~~~~~~~~~~~~~~~~~~~^^^^^^^^^^^^^^^^^^^^^^^^^^^^^^
  File "/usr/local/lib/python3.13/dist-packages/google/genai/models.py", line 6558, in generate_content
    response = self._generate_content(
        model=model, contents=contents, config=parsed_config_to_call
    )
  File "/usr/local/lib/python3.13/dist-packages/google/genai/models.py", line 4986, in _generate_content
    response = self._api_client.request(
        'post', path, request_dict, http_options
    )
  File "/usr/local/lib/python3.13/dist-packages/google/genai/_api_client.py", line 1650, in request
    response = self._request(http_request, http_options, stream=False)
  File "/usr/local/lib/python3.13/dist-packages/google/genai/_api_client.py", line 1443, in _request
    return self._retry(self._request_once, http_request, stream)  # type: ignore[no-any-return]
           ~~~~~~~~~~~^^^^^^^^^^^^^^^^^^^^^^^^^^^^^^^^^^^^^^^^^^
  File "/usr/local/lib/python3.13/dist-packages/tenacity/__init__.py", line 470, in __call__
    do = self.iter(retry_state=retry_state)
  File "/usr/local/lib/python3.13/dist-packages/tenacity/__init__.py", line 371, in iter
    result = action(retry_state)
  File "/usr/local/lib/python3.13/dist-packages/tenacity/__init__.py", line 413, in exc_check
    raise retry_exc.reraise()
          ~~~~~~~~~~~~~~~~~^^
  File "/usr/local/lib/python3.13/dist-packages/tenacity/__init__.py", line 184, in reraise
    raise self.last_attempt.result()
          ~~~~~~~~~~~~~~~~~~~~~~~~^^
  File "/usr/lib/python3.13/concurrent/futures/_base.py", line 453, in result
    return self.__get_result()
           ~~~~~~~~~~~~~~~~~^^
  File "/usr/lib/python3.13/concurrent/futures/_base.py", line 402, in __get_result
    raise self._exception
  File "/usr/local/lib/python3.13/dist-packages/tenacity/__init__.py", line 473, in __call__
    result = fn(*args, **kwargs)
  File "/usr/local/lib/python3.13/dist-packages/google/genai/_api_client.py", line 1420, in _request_once
    errors.APIError.raise_for_response(response)
    ~~~~~~~~~~~~~~~~~~~~~~~~~~~~~~~~~~^^^^^^^^^^
  File "/usr/local/lib/python3.13/dist-packages/google/genai/errors.py", line 155, in raise_for_response
    cls.raise_error(response.status_code, response_json, response)
    ~~~~~~~~~~~~~~~^^^^^^^^^^^^^^^^^^^^^^^^^^^^^^^^^^^^^^^^^^^^^^^
  File "/usr/local/lib/python3.13/dist-packages/google/genai/errors.py", line 184, in raise_error
    raise ClientError(status_code, response_json, response)
google.genai.errors.ClientError: 401 UNAUTHENTICATED. {'error': {'code': 401, 'message': 'Request had invalid authentication credentials. Expected OAuth 2 access token, login cookie or other valid authentication credential. See https://developers.google.com/identity/sign-in/web/devconsole-project.', 'status': 'UNAUTHENTICATED', 'details': [{'@type': 'type.googleapis.com/google.rpc.ErrorInfo', 'reason': 'ACCESS_TOKEN_TYPE_UNSUPPORTED', 'metadata': {'method': 'google.ai.generativelanguage.v1beta.GenerativeService.GenerateContent', 'service': 'generativelanguage.googleapis.com'}}]}}

---
financebench_id_01226	401 UNAUTHENTICATED. {'error': {'code': 401, 'message': 'Request had invalid authentication credentials. Expected OAuth 2 access token, login cookie or other valid authentication credential. See https://developers.google.com/identity/sign-in/web/devconsole-project.', 'status': 'UNAUTHENTICATED', 'details': [{'@type': 'type.googleapis.com/google.rpc.ErrorInfo', 'reason': 'ACCESS_TOKEN_TYPE_UNSUPPORTED', 'metadata': {'method': 'google.ai.generativelanguage.v1beta.GenerativeService.GenerateContent', 'service': 'generativelanguage.googleapis.com'}}]}}
Traceback (most recent call last):
  File "/tmp/ipykernel_5714/3490092669.py", line 39, in embed_all_queries
    expanded_query, usage = expand_query(genai_client, row.question, expansion_model)
                            ~~~~~~~~~~~~^^^^^^^^^^^^^^^^^^^^^^^^^^^^^^^^^^^^^^^^^^^^^
  File "/tmp/ipykernel_5714/1185407202.py", line 10, in expand_query
    resp = _generate(genai_client, model, EXPANSION_PROMPT.format(question=question))
  File "/tmp/ipykernel_5714/3914611726.py", line 27, in wrapper
    return fn(*args, **kwargs)
  File "/tmp/ipykernel_5714/3914611726.py", line 120, in _generate
    return genai_client.models.generate_content(model=model, contents=prompt)
           ~~~~~~~~~~~~~~~~~~~~~~~~~~~~~~~~~~~~^^^^^^^^^^^^^^^^^^^^^^^^^^^^^^
  File "/usr/local/lib/python3.13/dist-packages/google/genai/models.py", line 6558, in generate_content
    response = self._generate_content(
        model=model, contents=contents, config=parsed_config_to_call
    )
  File "/usr/local/lib/python3.13/dist-packages/google/genai/models.py", line 4986, in _generate_content
    response = self._api_client.request(
        'post', path, request_dict, http_options
    )
  File "/usr/local/lib/python3.13/dist-packages/google/genai/_api_client.py", line 1650, in request
    response = self._request(http_request, http_options, stream=False)
  File "/usr/local/lib/python3.13/dist-packages/google/genai/_api_client.py", line 1443, in _request
    return self._retry(self._request_once, http_request, stream)  # type: ignore[no-any-return]
           ~~~~~~~~~~~^^^^^^^^^^^^^^^^^^^^^^^^^^^^^^^^^^^^^^^^^^
  File "/usr/local/lib/python3.13/dist-packages/tenacity/__init__.py", line 470, in __call__
    do = self.iter(retry_state=retry_state)
  File "/usr/local/lib/python3.13/dist-packages/tenacity/__init__.py", line 371, in iter
    result = action(retry_state)
  File "/usr/local/lib/python3.13/dist-packages/tenacity/__init__.py", line 413, in exc_check
    raise retry_exc.reraise()
          ~~~~~~~~~~~~~~~~~^^
  File "/usr/local/lib/python3.13/dist-packages/tenacity/__init__.py", line 184, in reraise
    raise self.last_attempt.result()
          ~~~~~~~~~~~~~~~~~~~~~~~~^^
  File "/usr/lib/python3.13/concurrent/futures/_base.py", line 453, in result
    return self.__get_result()
           ~~~~~~~~~~~~~~~~~^^
  File "/usr/lib/python3.13/concurrent/futures/_base.py", line 402, in __get_result
    raise self._exception
  File "/usr/local/lib/python3.13/dist-packages/tenacity/__init__.py", line 473, in __call__
    result = fn(*args, **kwargs)
  File "/usr/local/lib/python3.13/dist-packages/google/genai/_api_client.py", line 1420, in _request_once
    errors.APIError.raise_for_response(response)
    ~~~~~~~~~~~~~~~~~~~~~~~~~~~~~~~~~~^^^^^^^^^^
  File "/usr/local/lib/python3.13/dist-packages/google/genai/errors.py", line 155, in raise_for_response
    cls.raise_error(response.status_code, response_json, response)
    ~~~~~~~~~~~~~~~^^^^^^^^^^^^^^^^^^^^^^^^^^^^^^^^^^^^^^^^^^^^^^^
  File "/usr/local/lib/python3.13/dist-packages/google/genai/errors.py", line 184, in raise_error
    raise ClientError(status_code, response_json, response)
google.genai.errors.ClientError: 401 UNAUTHENTICATED. {'error': {'code': 401, 'message': 'Request had invalid authentication credentials. Expected OAuth 2 access token, login cookie or other valid authentication credential. See https://developers.google.com/identity/sign-in/web/devconsole-project.', 'status': 'UNAUTHENTICATED', 'details': [{'@type': 'type.googleapis.com/google.rpc.ErrorInfo', 'reason': 'ACCESS_TOKEN_TYPE_UNSUPPORTED', 'metadata': {'method': 'google.ai.generativelanguage.v1beta.GenerativeService.GenerateContent', 'service': 'generativelanguage.googleapis.com'}}]}}

---
financebench_id_01865	401 UNAUTHENTICATED. {'error': {'code': 401, 'message': 'Request had invalid authentication credentials. Expected OAuth 2 access token, login cookie or other valid authentication credential. See https://developers.google.com/identity/sign-in/web/devconsole-project.', 'status': 'UNAUTHENTICATED', 'details': [{'@type': 'type.googleapis.com/google.rpc.ErrorInfo', 'reason': 'ACCESS_TOKEN_TYPE_UNSUPPORTED', 'metadata': {'method': 'google.ai.generativelanguage.v1beta.GenerativeService.GenerateContent', 'service': 'generativelanguage.googleapis.com'}}]}}
Traceback (most recent call last):
  File "/tmp/ipykernel_5714/3490092669.py", line 39, in embed_all_queries
    expanded_query, usage = expand_query(genai_client, row.question, expansion_model)
                            ~~~~~~~~~~~~^^^^^^^^^^^^^^^^^^^^^^^^^^^^^^^^^^^^^^^^^^^^^
  File "/tmp/ipykernel_5714/1185407202.py", line 10, in expand_query
    resp = _generate(genai_client, model, EXPANSION_PROMPT.format(question=question))
  File "/tmp/ipykernel_5714/3914611726.py", line 27, in wrapper
    return fn(*args, **kwargs)
  File "/tmp/ipykernel_5714/3914611726.py", line 120, in _generate
    return genai_client.models.generate_content(model=model, contents=prompt)
           ~~~~~~~~~~~~~~~~~~~~~~~~~~~~~~~~~~~~^^^^^^^^^^^^^^^^^^^^^^^^^^^^^^
  File "/usr/local/lib/python3.13/dist-packages/google/genai/models.py", line 6558, in generate_content
    response = self._generate_content(
        model=model, contents=contents, config=parsed_config_to_call
    )
  File "/usr/local/lib/python3.13/dist-packages/google/genai/models.py", line 4986, in _generate_content
    response = self._api_client.request(
        'post', path, request_dict, http_options
    )
  File "/usr/local/lib/python3.13/dist-packages/google/genai/_api_client.py", line 1650, in request
    response = self._request(http_request, http_options, stream=False)
  File "/usr/local/lib/python3.13/dist-packages/google/genai/_api_client.py", line 1443, in _request
    return self._retry(self._request_once, http_request, stream)  # type: ignore[no-any-return]
           ~~~~~~~~~~~^^^^^^^^^^^^^^^^^^^^^^^^^^^^^^^^^^^^^^^^^^
  File "/usr/local/lib/python3.13/dist-packages/tenacity/__init__.py", line 470, in __call__
    do = self.iter(retry_state=retry_state)
  File "/usr/local/lib/python3.13/dist-packages/tenacity/__init__.py", line 371, in iter
    result = action(retry_state)
  File "/usr/local/lib/python3.13/dist-packages/tenacity/__init__.py", line 413, in exc_check
    raise retry_exc.reraise()
          ~~~~~~~~~~~~~~~~~^^
  File "/usr/local/lib/python3.13/dist-packages/tenacity/__init__.py", line 184, in reraise
    raise self.last_attempt.result()
          ~~~~~~~~~~~~~~~~~~~~~~~~^^
  File "/usr/lib/python3.13/concurrent/futures/_base.py", line 453, in result
    return self.__get_result()
           ~~~~~~~~~~~~~~~~~^^
  File "/usr/lib/python3.13/concurrent/futures/_base.py", line 402, in __get_result
    raise self._exception
  File "/usr/local/lib/python3.13/dist-packages/tenacity/__init__.py", line 473, in __call__
    result = fn(*args, **kwargs)
  File "/usr/local/lib/python3.13/dist-packages/google/genai/_api_client.py", line 1420, in _request_once
    errors.APIError.raise_for_response(response)
    ~~~~~~~~~~~~~~~~~~~~~~~~~~~~~~~~~~^^^^^^^^^^
  File "/usr/local/lib/python3.13/dist-packages/google/genai/errors.py", line 155, in raise_for_response
    cls.raise_error(response.status_code, response_json, response)
    ~~~~~~~~~~~~~~~^^^^^^^^^^^^^^^^^^^^^^^^^^^^^^^^^^^^^^^^^^^^^^^
  File "/usr/local/lib/python3.13/dist-packages/google/genai/errors.py", line 184, in raise_error
    raise ClientError(status_code, response_json, response)
google.genai.errors.ClientError: 401 UNAUTHENTICATED. {'error': {'code': 401, 'message': 'Request had invalid authentication credentials. Expected OAuth 2 access token, login cookie or other valid authentication credential. See https://developers.google.com/identity/sign-in/web/devconsole-project.', 'status': 'UNAUTHENTICATED', 'details': [{'@type': 'type.googleapis.com/google.rpc.ErrorInfo', 'reason': 'ACCESS_TOKEN_TYPE_UNSUPPORTED', 'metadata': {'method': 'google.ai.generativelanguage.v1beta.GenerativeService.GenerateContent', 'service': 'generativelanguage.googleapis.com'}}]}}

---
financebench_id_00807	401 UNAUTHENTICATED. {'error': {'code': 401, 'message': 'Request had invalid authentication credentials. Expected OAuth 2 access token, login cookie or other valid authentication credential. See https://developers.google.com/identity/sign-in/web/devconsole-project.', 'status': 'UNAUTHENTICATED', 'details': [{'@type': 'type.googleapis.com/google.rpc.ErrorInfo', 'reason': 'ACCESS_TOKEN_TYPE_UNSUPPORTED', 'metadata': {'service': 'generativelanguage.googleapis.com', 'method': 'google.ai.generativelanguage.v1beta.GenerativeService.GenerateContent'}}]}}
Traceback (most recent call last):
  File "/tmp/ipykernel_5714/3490092669.py", line 39, in embed_all_queries
    expanded_query, usage = expand_query(genai_client, row.question, expansion_model)
                            ~~~~~~~~~~~~^^^^^^^^^^^^^^^^^^^^^^^^^^^^^^^^^^^^^^^^^^^^^
  File "/tmp/ipykernel_5714/1185407202.py", line 10, in expand_query
    resp = _generate(genai_client, model, EXPANSION_PROMPT.format(question=question))
  File "/tmp/ipykernel_5714/3914611726.py", line 27, in wrapper
    return fn(*args, **kwargs)
  File "/tmp/ipykernel_5714/3914611726.py", line 120, in _generate
    return genai_client.models.generate_content(model=model, contents=prompt)
           ~~~~~~~~~~~~~~~~~~~~~~~~~~~~~~~~~~~~^^^^^^^^^^^^^^^^^^^^^^^^^^^^^^
  File "/usr/local/lib/python3.13/dist-packages/google/genai/models.py", line 6558, in generate_content
    response = self._generate_content(
        model=model, contents=contents, config=parsed_config_to_call
    )
  File "/usr/local/lib/python3.13/dist-packages/google/genai/models.py", line 4986, in _generate_content
    response = self._api_client.request(
        'post', path, request_dict, http_options
    )
  File "/usr/local/lib/python3.13/dist-packages/google/genai/_api_client.py", line 1650, in request
    response = self._request(http_request, http_options, stream=False)
  File "/usr/local/lib/python3.13/dist-packages/google/genai/_api_client.py", line 1443, in _request
    return self._retry(self._request_once, http_request, stream)  # type: ignore[no-any-return]
           ~~~~~~~~~~~^^^^^^^^^^^^^^^^^^^^^^^^^^^^^^^^^^^^^^^^^^
  File "/usr/local/lib/python3.13/dist-packages/tenacity/__init__.py", line 470, in __call__
    do = self.iter(retry_state=retry_state)
  File "/usr/local/lib/python3.13/dist-packages/tenacity/__init__.py", line 371, in iter
    result = action(retry_state)
  File "/usr/local/lib/python3.13/dist-packages/tenacity/__init__.py", line 413, in exc_check
    raise retry_exc.reraise()
          ~~~~~~~~~~~~~~~~~^^
  File "/usr/local/lib/python3.13/dist-packages/tenacity/__init__.py", line 184, in reraise
    raise self.last_attempt.result()
          ~~~~~~~~~~~~~~~~~~~~~~~~^^
  File "/usr/lib/python3.13/concurrent/futures/_base.py", line 453, in result
    return self.__get_result()
           ~~~~~~~~~~~~~~~~~^^
  File "/usr/lib/python3.13/concurrent/futures/_base.py", line 402, in __get_result
    raise self._exception
  File "/usr/local/lib/python3.13/dist-packages/tenacity/__init__.py", line 473, in __call__
    result = fn(*args, **kwargs)
  File "/usr/local/lib/python3.13/dist-packages/google/genai/_api_client.py", line 1420, in _request_once
    errors.APIError.raise_for_response(response)
    ~~~~~~~~~~~~~~~~~~~~~~~~~~~~~~~~~~^^^^^^^^^^
  File "/usr/local/lib/python3.13/dist-packages/google/genai/errors.py", line 155, in raise_for_response
    cls.raise_error(response.status_code, response_json, response)
    ~~~~~~~~~~~~~~~^^^^^^^^^^^^^^^^^^^^^^^^^^^^^^^^^^^^^^^^^^^^^^^
  File "/usr/local/lib/python3.13/dist-packages/google/genai/errors.py", line 184, in raise_error
    raise ClientError(status_code, response_json, response)
google.genai.errors.ClientError: 401 UNAUTHENTICATED. {'error': {'code': 401, 'message': 'Request had invalid authentication credentials. Expected OAuth 2 access token, login cookie or other valid authentication credential. See https://developers.google.com/identity/sign-in/web/devconsole-project.', 'status': 'UNAUTHENTICATED', 'details': [{'@type': 'type.googleapis.com/google.rpc.ErrorInfo', 'reason': 'ACCESS_TOKEN_TYPE_UNSUPPORTED', 'metadata': {'service': 'generativelanguage.googleapis.com', 'method': 'google.ai.generativelanguage.v1beta.GenerativeService.GenerateContent'}}]}}

---
financebench_id_00941	401 UNAUTHENTICATED. {'error': {'code': 401, 'message': 'Request had invalid authentication credentials. Expected OAuth 2 access token, login cookie or other valid authentication credential. See https://developers.google.com/identity/sign-in/web/devconsole-project.', 'status': 'UNAUTHENTICATED', 'details': [{'@type': 'type.googleapis.com/google.rpc.ErrorInfo', 'reason': 'ACCESS_TOKEN_TYPE_UNSUPPORTED', 'metadata': {'method': 'google.ai.generativelanguage.v1beta.GenerativeService.GenerateContent', 'service': 'generativelanguage.googleapis.com'}}]}}
Traceback (most recent call last):
  File "/tmp/ipykernel_5714/3490092669.py", line 39, in embed_all_queries
    expanded_query, usage = expand_query(genai_client, row.question, expansion_model)
                            ~~~~~~~~~~~~^^^^^^^^^^^^^^^^^^^^^^^^^^^^^^^^^^^^^^^^^^^^^
  File "/tmp/ipykernel_5714/1185407202.py", line 10, in expand_query
    resp = _generate(genai_client, model, EXPANSION_PROMPT.format(question=question))
  File "/tmp/ipykernel_5714/3914611726.py", line 27, in wrapper
    return fn(*args, **kwargs)
  File "/tmp/ipykernel_5714/3914611726.py", line 120, in _generate
    return genai_client.models.generate_content(model=model, contents=prompt)
           ~~~~~~~~~~~~~~~~~~~~~~~~~~~~~~~~~~~~^^^^^^^^^^^^^^^^^^^^^^^^^^^^^^
  File "/usr/local/lib/python3.13/dist-packages/google/genai/models.py", line 6558, in generate_content
    response = self._generate_content(
        model=model, contents=contents, config=parsed_config_to_call
    )
  File "/usr/local/lib/python3.13/dist-packages/google/genai/models.py", line 4986, in _generate_content
    response = self._api_client.request(
        'post', path, request_dict, http_options
    )
  File "/usr/local/lib/python3.13/dist-packages/google/genai/_api_client.py", line 1650, in request
    response = self._request(http_request, http_options, stream=False)
  File "/usr/local/lib/python3.13/dist-packages/google/genai/_api_client.py", line 1443, in _request
    return self._retry(self._request_once, http_request, stream)  # type: ignore[no-any-return]
           ~~~~~~~~~~~^^^^^^^^^^^^^^^^^^^^^^^^^^^^^^^^^^^^^^^^^^
  File "/usr/local/lib/python3.13/dist-packages/tenacity/__init__.py", line 470, in __call__
    do = self.iter(retry_state=retry_state)
  File "/usr/local/lib/python3.13/dist-packages/tenacity/__init__.py", line 371, in iter
    result = action(retry_state)
  File "/usr/local/lib/python3.13/dist-packages/tenacity/__init__.py", line 413, in exc_check
    raise retry_exc.reraise()
          ~~~~~~~~~~~~~~~~~^^
  File "/usr/local/lib/python3.13/dist-packages/tenacity/__init__.py", line 184, in reraise
    raise self.last_attempt.result()
          ~~~~~~~~~~~~~~~~~~~~~~~~^^
  File "/usr/lib/python3.13/concurrent/futures/_base.py", line 453, in result
    return self.__get_result()
           ~~~~~~~~~~~~~~~~~^^
  File "/usr/lib/python3.13/concurrent/futures/_base.py", line 402, in __get_result
    raise self._exception
  File "/usr/local/lib/python3.13/dist-packages/tenacity/__init__.py", line 473, in __call__
    result = fn(*args, **kwargs)
  File "/usr/local/lib/python3.13/dist-packages/google/genai/_api_client.py", line 1420, in _request_once
    errors.APIError.raise_for_response(response)
    ~~~~~~~~~~~~~~~~~~~~~~~~~~~~~~~~~~^^^^^^^^^^
  File "/usr/local/lib/python3.13/dist-packages/google/genai/errors.py", line 155, in raise_for_response
    cls.raise_error(response.status_code, response_json, response)
    ~~~~~~~~~~~~~~~^^^^^^^^^^^^^^^^^^^^^^^^^^^^^^^^^^^^^^^^^^^^^^^
  File "/usr/local/lib/python3.13/dist-packages/google/genai/errors.py", line 184, in raise_error
    raise ClientError(status_code, response_json, response)
google.genai.errors.ClientError: 401 UNAUTHENTICATED. {'error': {'code': 401, 'message': 'Request had invalid authentication credentials. Expected OAuth 2 access token, login cookie or other valid authentication credential. See https://developers.google.com/identity/sign-in/web/devconsole-project.', 'status': 'UNAUTHENTICATED', 'details': [{'@type': 'type.googleapis.com/google.rpc.ErrorInfo', 'reason': 'ACCESS_TOKEN_TYPE_UNSUPPORTED', 'metadata': {'method': 'google.ai.generativelanguage.v1beta.GenerativeService.GenerateContent', 'service': 'generativelanguage.googleapis.com'}}]}}

---
financebench_id_01858	401 UNAUTHENTICATED. {'error': {'code': 401, 'message': 'Request had invalid authentication credentials. Expected OAuth 2 access token, login cookie or other valid authentication credential. See https://developers.google.com/identity/sign-in/web/devconsole-project.', 'status': 'UNAUTHENTICATED', 'details': [{'@type': 'type.googleapis.com/google.rpc.ErrorInfo', 'reason': 'ACCESS_TOKEN_TYPE_UNSUPPORTED', 'metadata': {'method': 'google.ai.generativelanguage.v1beta.GenerativeService.GenerateContent', 'service': 'generativelanguage.googleapis.com'}}]}}
Traceback (most recent call last):
  File "/tmp/ipykernel_5714/3490092669.py", line 39, in embed_all_queries
    expanded_query, usage = expand_query(genai_client, row.question, expansion_model)
                            ~~~~~~~~~~~~^^^^^^^^^^^^^^^^^^^^^^^^^^^^^^^^^^^^^^^^^^^^^
  File "/tmp/ipykernel_5714/1185407202.py", line 10, in expand_query
    resp = _generate(genai_client, model, EXPANSION_PROMPT.format(question=question))
  File "/tmp/ipykernel_5714/3914611726.py", line 27, in wrapper
    return fn(*args, **kwargs)
  File "/tmp/ipykernel_5714/3914611726.py", line 120, in _generate
    return genai_client.models.generate_content(model=model, contents=prompt)
           ~~~~~~~~~~~~~~~~~~~~~~~~~~~~~~~~~~~~^^^^^^^^^^^^^^^^^^^^^^^^^^^^^^
  File "/usr/local/lib/python3.13/dist-packages/google/genai/models.py", line 6558, in generate_content
    response = self._generate_content(
        model=model, contents=contents, config=parsed_config_to_call
    )
  File "/usr/local/lib/python3.13/dist-packages/google/genai/models.py", line 4986, in _generate_content
    response = self._api_client.request(
        'post', path, request_dict, http_options
    )
  File "/usr/local/lib/python3.13/dist-packages/google/genai/_api_client.py", line 1650, in request
    response = self._request(http_request, http_options, stream=False)
  File "/usr/local/lib/python3.13/dist-packages/google/genai/_api_client.py", line 1443, in _request
    return self._retry(self._request_once, http_request, stream)  # type: ignore[no-any-return]
           ~~~~~~~~~~~^^^^^^^^^^^^^^^^^^^^^^^^^^^^^^^^^^^^^^^^^^
  File "/usr/local/lib/python3.13/dist-packages/tenacity/__init__.py", line 470, in __call__
    do = self.iter(retry_state=retry_state)
  File "/usr/local/lib/python3.13/dist-packages/tenacity/__init__.py", line 371, in iter
    result = action(retry_state)
  File "/usr/local/lib/python3.13/dist-packages/tenacity/__init__.py", line 413, in exc_check
    raise retry_exc.reraise()
          ~~~~~~~~~~~~~~~~~^^
  File "/usr/local/lib/python3.13/dist-packages/tenacity/__init__.py", line 184, in reraise
    raise self.last_attempt.result()
          ~~~~~~~~~~~~~~~~~~~~~~~~^^
  File "/usr/lib/python3.13/concurrent/futures/_base.py", line 453, in result
    return self.__get_result()
           ~~~~~~~~~~~~~~~~~^^
  File "/usr/lib/python3.13/concurrent/futures/_base.py", line 402, in __get_result
    raise self._exception
  File "/usr/local/lib/python3.13/dist-packages/tenacity/__init__.py", line 473, in __call__
    result = fn(*args, **kwargs)
  File "/usr/local/lib/python3.13/dist-packages/google/genai/_api_client.py", line 1420, in _request_once
    errors.APIError.raise_for_response(response)
    ~~~~~~~~~~~~~~~~~~~~~~~~~~~~~~~~~~^^^^^^^^^^
  File "/usr/local/lib/python3.13/dist-packages/google/genai/errors.py", line 155, in raise_for_response
    cls.raise_error(response.status_code, response_json, response)
    ~~~~~~~~~~~~~~~^^^^^^^^^^^^^^^^^^^^^^^^^^^^^^^^^^^^^^^^^^^^^^^
  File "/usr/local/lib/python3.13/dist-packages/google/genai/errors.py", line 184, in raise_error
    raise ClientError(status_code, response_json, response)
google.genai.errors.ClientError: 401 UNAUTHENTICATED. {'error': {'code': 401, 'message': 'Request had invalid authentication credentials. Expected OAuth 2 access token, login cookie or other valid authentication credential. See https://developers.google.com/identity/sign-in/web/devconsole-project.', 'status': 'UNAUTHENTICATED', 'details': [{'@type': 'type.googleapis.com/google.rpc.ErrorInfo', 'reason': 'ACCESS_TOKEN_TYPE_UNSUPPORTED', 'metadata': {'method': 'google.ai.generativelanguage.v1beta.GenerativeService.GenerateContent', 'service': 'generativelanguage.googleapis.com'}}]}}

---
financebench_id_02987	401 UNAUTHENTICATED. {'error': {'code': 401, 'message': 'Request had invalid authentication credentials. Expected OAuth 2 access token, login cookie or other valid authentication credential. See https://developers.google.com/identity/sign-in/web/devconsole-project.', 'status': 'UNAUTHENTICATED', 'details': [{'@type': 'type.googleapis.com/google.rpc.ErrorInfo', 'reason': 'ACCESS_TOKEN_TYPE_UNSUPPORTED', 'metadata': {'method': 'google.ai.generativelanguage.v1beta.GenerativeService.GenerateContent', 'service': 'generativelanguage.googleapis.com'}}]}}
Traceback (most recent call last):
  File "/tmp/ipykernel_5714/3490092669.py", line 39, in embed_all_queries
    expanded_query, usage = expand_query(genai_client, row.question, expansion_model)
                            ~~~~~~~~~~~~^^^^^^^^^^^^^^^^^^^^^^^^^^^^^^^^^^^^^^^^^^^^^
  File "/tmp/ipykernel_5714/1185407202.py", line 10, in expand_query
    resp = _generate(genai_client, model, EXPANSION_PROMPT.format(question=question))
  File "/tmp/ipykernel_5714/3914611726.py", line 27, in wrapper
    return fn(*args, **kwargs)
  File "/tmp/ipykernel_5714/3914611726.py", line 120, in _generate
    return genai_client.models.generate_content(model=model, contents=prompt)
           ~~~~~~~~~~~~~~~~~~~~~~~~~~~~~~~~~~~~^^^^^^^^^^^^^^^^^^^^^^^^^^^^^^
  File "/usr/local/lib/python3.13/dist-packages/google/genai/models.py", line 6558, in generate_content
    response = self._generate_content(
        model=model, contents=contents, config=parsed_config_to_call
    )
  File "/usr/local/lib/python3.13/dist-packages/google/genai/models.py", line 4986, in _generate_content
    response = self._api_client.request(
        'post', path, request_dict, http_options
    )
  File "/usr/local/lib/python3.13/dist-packages/google/genai/_api_client.py", line 1650, in request
    response = self._request(http_request, http_options, stream=False)
  File "/usr/local/lib/python3.13/dist-packages/google/genai/_api_client.py", line 1443, in _request
    return self._retry(self._request_once, http_request, stream)  # type: ignore[no-any-return]
           ~~~~~~~~~~~^^^^^^^^^^^^^^^^^^^^^^^^^^^^^^^^^^^^^^^^^^
  File "/usr/local/lib/python3.13/dist-packages/tenacity/__init__.py", line 470, in __call__
    do = self.iter(retry_state=retry_state)
  File "/usr/local/lib/python3.13/dist-packages/tenacity/__init__.py", line 371, in iter
    result = action(retry_state)
  File "/usr/local/lib/python3.13/dist-packages/tenacity/__init__.py", line 413, in exc_check
    raise retry_exc.reraise()
          ~~~~~~~~~~~~~~~~~^^
  File "/usr/local/lib/python3.13/dist-packages/tenacity/__init__.py", line 184, in reraise
    raise self.last_attempt.result()
          ~~~~~~~~~~~~~~~~~~~~~~~~^^
  File "/usr/lib/python3.13/concurrent/futures/_base.py", line 453, in result
    return self.__get_result()
           ~~~~~~~~~~~~~~~~~^^
  File "/usr/lib/python3.13/concurrent/futures/_base.py", line 402, in __get_result
    raise self._exception
  File "/usr/local/lib/python3.13/dist-packages/tenacity/__init__.py", line 473, in __call__
    result = fn(*args, **kwargs)
  File "/usr/local/lib/python3.13/dist-packages/google/genai/_api_client.py", line 1420, in _request_once
    errors.APIError.raise_for_response(response)
    ~~~~~~~~~~~~~~~~~~~~~~~~~~~~~~~~~~^^^^^^^^^^
  File "/usr/local/lib/python3.13/dist-packages/google/genai/errors.py", line 155, in raise_for_response
    cls.raise_error(response.status_code, response_json, response)
    ~~~~~~~~~~~~~~~^^^^^^^^^^^^^^^^^^^^^^^^^^^^^^^^^^^^^^^^^^^^^^^
  File "/usr/local/lib/python3.13/dist-packages/google/genai/errors.py", line 184, in raise_error
    raise ClientError(status_code, response_json, response)
google.genai.errors.ClientError: 401 UNAUTHENTICATED. {'error': {'code': 401, 'message': 'Request had invalid authentication credentials. Expected OAuth 2 access token, login cookie or other valid authentication credential. See https://developers.google.com/identity/sign-in/web/devconsole-project.', 'status': 'UNAUTHENTICATED', 'details': [{'@type': 'type.googleapis.com/google.rpc.ErrorInfo', 'reason': 'ACCESS_TOKEN_TYPE_UNSUPPORTED', 'metadata': {'method': 'google.ai.generativelanguage.v1beta.GenerativeService.GenerateContent', 'service': 'generativelanguage.googleapis.com'}}]}}

---
financebench_id_07966	401 UNAUTHENTICATED. {'error': {'code': 401, 'message': 'Request had invalid authentication credentials. Expected OAuth 2 access token, login cookie or other valid authentication credential. See https://developers.google.com/identity/sign-in/web/devconsole-project.', 'status': 'UNAUTHENTICATED', 'details': [{'@type': 'type.googleapis.com/google.rpc.ErrorInfo', 'reason': 'ACCESS_TOKEN_TYPE_UNSUPPORTED', 'metadata': {'method': 'google.ai.generativelanguage.v1beta.GenerativeService.GenerateContent', 'service': 'generativelanguage.googleapis.com'}}]}}
Traceback (most recent call last):
  File "/tmp/ipykernel_5714/3490092669.py", line 39, in embed_all_queries
    expanded_query, usage = expand_query(genai_client, row.question, expansion_model)
                            ~~~~~~~~~~~~^^^^^^^^^^^^^^^^^^^^^^^^^^^^^^^^^^^^^^^^^^^^^
  File "/tmp/ipykernel_5714/1185407202.py", line 10, in expand_query
    resp = _generate(genai_client, model, EXPANSION_PROMPT.format(question=question))
  File "/tmp/ipykernel_5714/3914611726.py", line 27, in wrapper
    return fn(*args, **kwargs)
  File "/tmp/ipykernel_5714/3914611726.py", line 120, in _generate
    return genai_client.models.generate_content(model=model, contents=prompt)
           ~~~~~~~~~~~~~~~~~~~~~~~~~~~~~~~~~~~~^^^^^^^^^^^^^^^^^^^^^^^^^^^^^^
  File "/usr/local/lib/python3.13/dist-packages/google/genai/models.py", line 6558, in generate_content
    response = self._generate_content(
        model=model, contents=contents, config=parsed_config_to_call
    )
  File "/usr/local/lib/python3.13/dist-packages/google/genai/models.py", line 4986, in _generate_content
    response = self._api_client.request(
        'post', path, request_dict, http_options
    )
  File "/usr/local/lib/python3.13/dist-packages/google/genai/_api_client.py", line 1650, in request
    response = self._request(http_request, http_options, stream=False)
  File "/usr/local/lib/python3.13/dist-packages/google/genai/_api_client.py", line 1443, in _request
    return self._retry(self._request_once, http_request, stream)  # type: ignore[no-any-return]
           ~~~~~~~~~~~^^^^^^^^^^^^^^^^^^^^^^^^^^^^^^^^^^^^^^^^^^
  File "/usr/local/lib/python3.13/dist-packages/tenacity/__init__.py", line 470, in __call__
    do = self.iter(retry_state=retry_state)
  File "/usr/local/lib/python3.13/dist-packages/tenacity/__init__.py", line 371, in iter
    result = action(retry_state)
  File "/usr/local/lib/python3.13/dist-packages/tenacity/__init__.py", line 413, in exc_check
    raise retry_exc.reraise()
          ~~~~~~~~~~~~~~~~~^^
  File "/usr/local/lib/python3.13/dist-packages/tenacity/__init__.py", line 184, in reraise
    raise self.last_attempt.result()
          ~~~~~~~~~~~~~~~~~~~~~~~~^^
  File "/usr/lib/python3.13/concurrent/futures/_base.py", line 453, in result
    return self.__get_result()
           ~~~~~~~~~~~~~~~~~^^
  File "/usr/lib/python3.13/concurrent/futures/_base.py", line 402, in __get_result
    raise self._exception
  File "/usr/local/lib/python3.13/dist-packages/tenacity/__init__.py", line 473, in __call__
    result = fn(*args, **kwargs)
  File "/usr/local/lib/python3.13/dist-packages/google/genai/_api_client.py", line 1420, in _request_once
    errors.APIError.raise_for_response(response)
    ~~~~~~~~~~~~~~~~~~~~~~~~~~~~~~~~~~^^^^^^^^^^
  File "/usr/local/lib/python3.13/dist-packages/google/genai/errors.py", line 155, in raise_for_response
    cls.raise_error(response.status_code, response_json, response)
    ~~~~~~~~~~~~~~~^^^^^^^^^^^^^^^^^^^^^^^^^^^^^^^^^^^^^^^^^^^^^^^
  File "/usr/local/lib/python3.13/dist-packages/google/genai/errors.py", line 184, in raise_error
    raise ClientError(status_code, response_json, response)
google.genai.errors.ClientError: 401 UNAUTHENTICATED. {'error': {'code': 401, 'message': 'Request had invalid authentication credentials. Expected OAuth 2 access token, login cookie or other valid authentication credential. See https://developers.google.com/identity/sign-in/web/devconsole-project.', 'status': 'UNAUTHENTICATED', 'details': [{'@type': 'type.googleapis.com/google.rpc.ErrorInfo', 'reason': 'ACCESS_TOKEN_TYPE_UNSUPPORTED', 'metadata': {'method': 'google.ai.generativelanguage.v1beta.GenerativeService.GenerateContent', 'service': 'generativelanguage.googleapis.com'}}]}}

---
financebench_id_04735	401 UNAUTHENTICATED. {'error': {'code': 401, 'message': 'Request had invalid authentication credentials. Expected OAuth 2 access token, login cookie or other valid authentication credential. See https://developers.google.com/identity/sign-in/web/devconsole-project.', 'status': 'UNAUTHENTICATED', 'details': [{'@type': 'type.googleapis.com/google.rpc.ErrorInfo', 'reason': 'ACCESS_TOKEN_TYPE_UNSUPPORTED', 'metadata': {'service': 'generativelanguage.googleapis.com', 'method': 'google.ai.generativelanguage.v1beta.GenerativeService.GenerateContent'}}]}}
Traceback (most recent call last):
  File "/tmp/ipykernel_5714/3490092669.py", line 39, in embed_all_queries
    expanded_query, usage = expand_query(genai_client, row.question, expansion_model)
                            ~~~~~~~~~~~~^^^^^^^^^^^^^^^^^^^^^^^^^^^^^^^^^^^^^^^^^^^^^
  File "/tmp/ipykernel_5714/1185407202.py", line 10, in expand_query
    resp = _generate(genai_client, model, EXPANSION_PROMPT.format(question=question))
  File "/tmp/ipykernel_5714/3914611726.py", line 27, in wrapper
    return fn(*args, **kwargs)
  File "/tmp/ipykernel_5714/3914611726.py", line 120, in _generate
    return genai_client.models.generate_content(model=model, contents=prompt)
           ~~~~~~~~~~~~~~~~~~~~~~~~~~~~~~~~~~~~^^^^^^^^^^^^^^^^^^^^^^^^^^^^^^
  File "/usr/local/lib/python3.13/dist-packages/google/genai/models.py", line 6558, in generate_content
    response = self._generate_content(
        model=model, contents=contents, config=parsed_config_to_call
    )
  File "/usr/local/lib/python3.13/dist-packages/google/genai/models.py", line 4986, in _generate_content
    response = self._api_client.request(
        'post', path, request_dict, http_options
    )
  File "/usr/local/lib/python3.13/dist-packages/google/genai/_api_client.py", line 1650, in request
    response = self._request(http_request, http_options, stream=False)
  File "/usr/local/lib/python3.13/dist-packages/google/genai/_api_client.py", line 1443, in _request
    return self._retry(self._request_once, http_request, stream)  # type: ignore[no-any-return]
           ~~~~~~~~~~~^^^^^^^^^^^^^^^^^^^^^^^^^^^^^^^^^^^^^^^^^^
  File "/usr/local/lib/python3.13/dist-packages/tenacity/__init__.py", line 470, in __call__
    do = self.iter(retry_state=retry_state)
  File "/usr/local/lib/python3.13/dist-packages/tenacity/__init__.py", line 371, in iter
    result = action(retry_state)
  File "/usr/local/lib/python3.13/dist-packages/tenacity/__init__.py", line 413, in exc_check
    raise retry_exc.reraise()
          ~~~~~~~~~~~~~~~~~^^
  File "/usr/local/lib/python3.13/dist-packages/tenacity/__init__.py", line 184, in reraise
    raise self.last_attempt.result()
          ~~~~~~~~~~~~~~~~~~~~~~~~^^
  File "/usr/lib/python3.13/concurrent/futures/_base.py", line 453, in result
    return self.__get_result()
           ~~~~~~~~~~~~~~~~~^^
  File "/usr/lib/python3.13/concurrent/futures/_base.py", line 402, in __get_result
    raise self._exception
  File "/usr/local/lib/python3.13/dist-packages/tenacity/__init__.py", line 473, in __call__
    result = fn(*args, **kwargs)
  File "/usr/local/lib/python3.13/dist-packages/google/genai/_api_client.py", line 1420, in _request_once
    errors.APIError.raise_for_response(response)
    ~~~~~~~~~~~~~~~~~~~~~~~~~~~~~~~~~~^^^^^^^^^^
  File "/usr/local/lib/python3.13/dist-packages/google/genai/errors.py", line 155, in raise_for_response
    cls.raise_error(response.status_code, response_json, response)
    ~~~~~~~~~~~~~~~^^^^^^^^^^^^^^^^^^^^^^^^^^^^^^^^^^^^^^^^^^^^^^^
  File "/usr/local/lib/python3.13/dist-packages/google/genai/errors.py", line 184, in raise_error
    raise ClientError(status_code, response_json, response)
google.genai.errors.ClientError: 401 UNAUTHENTICATED. {'error': {'code': 401, 'message': 'Request had invalid authentication credentials. Expected OAuth 2 access token, login cookie or other valid authentication credential. See https://developers.google.com/identity/sign-in/web/devconsole-project.', 'status': 'UNAUTHENTICATED', 'details': [{'@type': 'type.googleapis.com/google.rpc.ErrorInfo', 'reason': 'ACCESS_TOKEN_TYPE_UNSUPPORTED', 'metadata': {'service': 'generativelanguage.googleapis.com', 'method': 'google.ai.generativelanguage.v1beta.GenerativeService.GenerateContent'}}]}}

---
financebench_id_07507	401 UNAUTHENTICATED. {'error': {'code': 401, 'message': 'Request had invalid authentication credentials. Expected OAuth 2 access token, login cookie or other valid authentication credential. See https://developers.google.com/identity/sign-in/web/devconsole-project.', 'status': 'UNAUTHENTICATED', 'details': [{'@type': 'type.googleapis.com/google.rpc.ErrorInfo', 'reason': 'ACCESS_TOKEN_TYPE_UNSUPPORTED', 'metadata': {'service': 'generativelanguage.googleapis.com', 'method': 'google.ai.generativelanguage.v1beta.GenerativeService.GenerateContent'}}]}}
Traceback (most recent call last):
  File "/tmp/ipykernel_5714/3490092669.py", line 39, in embed_all_queries
    expanded_query, usage = expand_query(genai_client, row.question, expansion_model)
                            ~~~~~~~~~~~~^^^^^^^^^^^^^^^^^^^^^^^^^^^^^^^^^^^^^^^^^^^^^
  File "/tmp/ipykernel_5714/1185407202.py", line 10, in expand_query
    resp = _generate(genai_client, model, EXPANSION_PROMPT.format(question=question))
  File "/tmp/ipykernel_5714/3914611726.py", line 27, in wrapper
    return fn(*args, **kwargs)
  File "/tmp/ipykernel_5714/3914611726.py", line 120, in _generate
    return genai_client.models.generate_content(model=model, contents=prompt)
           ~~~~~~~~~~~~~~~~~~~~~~~~~~~~~~~~~~~~^^^^^^^^^^^^^^^^^^^^^^^^^^^^^^
  File "/usr/local/lib/python3.13/dist-packages/google/genai/models.py", line 6558, in generate_content
    response = self._generate_content(
        model=model, contents=contents, config=parsed_config_to_call
    )
  File "/usr/local/lib/python3.13/dist-packages/google/genai/models.py", line 4986, in _generate_content
    response = self._api_client.request(
        'post', path, request_dict, http_options
    )
  File "/usr/local/lib/python3.13/dist-packages/google/genai/_api_client.py", line 1650, in request
    response = self._request(http_request, http_options, stream=False)
  File "/usr/local/lib/python3.13/dist-packages/google/genai/_api_client.py", line 1443, in _request
    return self._retry(self._request_once, http_request, stream)  # type: ignore[no-any-return]
           ~~~~~~~~~~~^^^^^^^^^^^^^^^^^^^^^^^^^^^^^^^^^^^^^^^^^^
  File "/usr/local/lib/python3.13/dist-packages/tenacity/__init__.py", line 470, in __call__
    do = self.iter(retry_state=retry_state)
  File "/usr/local/lib/python3.13/dist-packages/tenacity/__init__.py", line 371, in iter
    result = action(retry_state)
  File "/usr/local/lib/python3.13/dist-packages/tenacity/__init__.py", line 413, in exc_check
    raise retry_exc.reraise()
          ~~~~~~~~~~~~~~~~~^^
  File "/usr/local/lib/python3.13/dist-packages/tenacity/__init__.py", line 184, in reraise
    raise self.last_attempt.result()
          ~~~~~~~~~~~~~~~~~~~~~~~~^^
  File "/usr/lib/python3.13/concurrent/futures/_base.py", line 453, in result
    return self.__get_result()
           ~~~~~~~~~~~~~~~~~^^
  File "/usr/lib/python3.13/concurrent/futures/_base.py", line 402, in __get_result
    raise self._exception
  File "/usr/local/lib/python3.13/dist-packages/tenacity/__init__.py", line 473, in __call__
    result = fn(*args, **kwargs)
  File "/usr/local/lib/python3.13/dist-packages/google/genai/_api_client.py", line 1420, in _request_once
    errors.APIError.raise_for_response(response)
    ~~~~~~~~~~~~~~~~~~~~~~~~~~~~~~~~~~^^^^^^^^^^
  File "/usr/local/lib/python3.13/dist-packages/google/genai/errors.py", line 155, in raise_for_response
    cls.raise_error(response.status_code, response_json, response)
    ~~~~~~~~~~~~~~~^^^^^^^^^^^^^^^^^^^^^^^^^^^^^^^^^^^^^^^^^^^^^^^
  File "/usr/local/lib/python3.13/dist-packages/google/genai/errors.py", line 184, in raise_error
    raise ClientError(status_code, response_json, response)
google.genai.errors.ClientError: 401 UNAUTHENTICATED. {'error': {'code': 401, 'message': 'Request had invalid authentication credentials. Expected OAuth 2 access token, login cookie or other valid authentication credential. See https://developers.google.com/identity/sign-in/web/devconsole-project.', 'status': 'UNAUTHENTICATED', 'details': [{'@type': 'type.googleapis.com/google.rpc.ErrorInfo', 'reason': 'ACCESS_TOKEN_TYPE_UNSUPPORTED', 'metadata': {'service': 'generativelanguage.googleapis.com', 'method': 'google.ai.generativelanguage.v1beta.GenerativeService.GenerateContent'}}]}}

---
financebench_id_03856	401 UNAUTHENTICATED. {'error': {'code': 401, 'message': 'Request had invalid authentication credentials. Expected OAuth 2 access token, login cookie or other valid authentication credential. See https://developers.google.com/identity/sign-in/web/devconsole-project.', 'status': 'UNAUTHENTICATED', 'details': [{'@type': 'type.googleapis.com/google.rpc.ErrorInfo', 'reason': 'ACCESS_TOKEN_TYPE_UNSUPPORTED', 'metadata': {'method': 'google.ai.generativelanguage.v1beta.GenerativeService.GenerateContent', 'service': 'generativelanguage.googleapis.com'}}]}}
Traceback (most recent call last):
  File "/tmp/ipykernel_5714/3490092669.py", line 39, in embed_all_queries
    expanded_query, usage = expand_query(genai_client, row.question, expansion_model)
                            ~~~~~~~~~~~~^^^^^^^^^^^^^^^^^^^^^^^^^^^^^^^^^^^^^^^^^^^^^
  File "/tmp/ipykernel_5714/1185407202.py", line 10, in expand_query
    resp = _generate(genai_client, model, EXPANSION_PROMPT.format(question=question))
  File "/tmp/ipykernel_5714/3914611726.py", line 27, in wrapper
    return fn(*args, **kwargs)
  File "/tmp/ipykernel_5714/3914611726.py", line 120, in _generate
    return genai_client.models.generate_content(model=model, contents=prompt)
           ~~~~~~~~~~~~~~~~~~~~~~~~~~~~~~~~~~~~^^^^^^^^^^^^^^^^^^^^^^^^^^^^^^
  File "/usr/local/lib/python3.13/dist-packages/google/genai/models.py", line 6558, in generate_content
    response = self._generate_content(
        model=model, contents=contents, config=parsed_config_to_call
    )
  File "/usr/local/lib/python3.13/dist-packages/google/genai/models.py", line 4986, in _generate_content
    response = self._api_client.request(
        'post', path, request_dict, http_options
    )
  File "/usr/local/lib/python3.13/dist-packages/google/genai/_api_client.py", line 1650, in request
    response = self._request(http_request, http_options, stream=False)
  File "/usr/local/lib/python3.13/dist-packages/google/genai/_api_client.py", line 1443, in _request
    return self._retry(self._request_once, http_request, stream)  # type: ignore[no-any-return]
           ~~~~~~~~~~~^^^^^^^^^^^^^^^^^^^^^^^^^^^^^^^^^^^^^^^^^^
  File "/usr/local/lib/python3.13/dist-packages/tenacity/__init__.py", line 470, in __call__
    do = self.iter(retry_state=retry_state)
  File "/usr/local/lib/python3.13/dist-packages/tenacity/__init__.py", line 371, in iter
    result = action(retry_state)
  File "/usr/local/lib/python3.13/dist-packages/tenacity/__init__.py", line 413, in exc_check
    raise retry_exc.reraise()
          ~~~~~~~~~~~~~~~~~^^
  File "/usr/local/lib/python3.13/dist-packages/tenacity/__init__.py", line 184, in reraise
    raise self.last_attempt.result()
          ~~~~~~~~~~~~~~~~~~~~~~~~^^
  File "/usr/lib/python3.13/concurrent/futures/_base.py", line 453, in result
    return self.__get_result()
           ~~~~~~~~~~~~~~~~~^^
  File "/usr/lib/python3.13/concurrent/futures/_base.py", line 402, in __get_result
    raise self._exception
  File "/usr/local/lib/python3.13/dist-packages/tenacity/__init__.py", line 473, in __call__
    result = fn(*args, **kwargs)
  File "/usr/local/lib/python3.13/dist-packages/google/genai/_api_client.py", line 1420, in _request_once
    errors.APIError.raise_for_response(response)
    ~~~~~~~~~~~~~~~~~~~~~~~~~~~~~~~~~~^^^^^^^^^^
  File "/usr/local/lib/python3.13/dist-packages/google/genai/errors.py", line 155, in raise_for_response
    cls.raise_error(response.status_code, response_json, response)
    ~~~~~~~~~~~~~~~^^^^^^^^^^^^^^^^^^^^^^^^^^^^^^^^^^^^^^^^^^^^^^^
  File "/usr/local/lib/python3.13/dist-packages/google/genai/errors.py", line 184, in raise_error
    raise ClientError(status_code, response_json, response)
google.genai.errors.ClientError: 401 UNAUTHENTICATED. {'error': {'code': 401, 'message': 'Request had invalid authentication credentials. Expected OAuth 2 access token, login cookie or other valid authentication credential. See https://developers.google.com/identity/sign-in/web/devconsole-project.', 'status': 'UNAUTHENTICATED', 'details': [{'@type': 'type.googleapis.com/google.rpc.ErrorInfo', 'reason': 'ACCESS_TOKEN_TYPE_UNSUPPORTED', 'metadata': {'method': 'google.ai.generativelanguage.v1beta.GenerativeService.GenerateContent', 'service': 'generativelanguage.googleapis.com'}}]}}

---
financebench_id_00438	401 UNAUTHENTICATED. {'error': {'code': 401, 'message': 'Request had invalid authentication credentials. Expected OAuth 2 access token, login cookie or other valid authentication credential. See https://developers.google.com/identity/sign-in/web/devconsole-project.', 'status': 'UNAUTHENTICATED', 'details': [{'@type': 'type.googleapis.com/google.rpc.ErrorInfo', 'reason': 'ACCESS_TOKEN_TYPE_UNSUPPORTED', 'metadata': {'method': 'google.ai.generativelanguage.v1beta.GenerativeService.GenerateContent', 'service': 'generativelanguage.googleapis.com'}}]}}
Traceback (most recent call last):
  File "/tmp/ipykernel_5714/3490092669.py", line 39, in embed_all_queries
    expanded_query, usage = expand_query(genai_client, row.question, expansion_model)
                            ~~~~~~~~~~~~^^^^^^^^^^^^^^^^^^^^^^^^^^^^^^^^^^^^^^^^^^^^^
  File "/tmp/ipykernel_5714/1185407202.py", line 10, in expand_query
    resp = _generate(genai_client, model, EXPANSION_PROMPT.format(question=question))
  File "/tmp/ipykernel_5714/3914611726.py", line 27, in wrapper
    return fn(*args, **kwargs)
  File "/tmp/ipykernel_5714/3914611726.py", line 120, in _generate
    return genai_client.models.generate_content(model=model, contents=prompt)
           ~~~~~~~~~~~~~~~~~~~~~~~~~~~~~~~~~~~~^^^^^^^^^^^^^^^^^^^^^^^^^^^^^^
  File "/usr/local/lib/python3.13/dist-packages/google/genai/models.py", line 6558, in generate_content
    response = self._generate_content(
        model=model, contents=contents, config=parsed_config_to_call
    )
  File "/usr/local/lib/python3.13/dist-packages/google/genai/models.py", line 4986, in _generate_content
    response = self._api_client.request(
        'post', path, request_dict, http_options
    )
  File "/usr/local/lib/python3.13/dist-packages/google/genai/_api_client.py", line 1650, in request
    response = self._request(http_request, http_options, stream=False)
  File "/usr/local/lib/python3.13/dist-packages/google/genai/_api_client.py", line 1443, in _request
    return self._retry(self._request_once, http_request, stream)  # type: ignore[no-any-return]
           ~~~~~~~~~~~^^^^^^^^^^^^^^^^^^^^^^^^^^^^^^^^^^^^^^^^^^
  File "/usr/local/lib/python3.13/dist-packages/tenacity/__init__.py", line 470, in __call__
    do = self.iter(retry_state=retry_state)
  File "/usr/local/lib/python3.13/dist-packages/tenacity/__init__.py", line 371, in iter
    result = action(retry_state)
  File "/usr/local/lib/python3.13/dist-packages/tenacity/__init__.py", line 413, in exc_check
    raise retry_exc.reraise()
          ~~~~~~~~~~~~~~~~~^^
  File "/usr/local/lib/python3.13/dist-packages/tenacity/__init__.py", line 184, in reraise
    raise self.last_attempt.result()
          ~~~~~~~~~~~~~~~~~~~~~~~~^^
  File "/usr/lib/python3.13/concurrent/futures/_base.py", line 453, in result
    return self.__get_result()
           ~~~~~~~~~~~~~~~~~^^
  File "/usr/lib/python3.13/concurrent/futures/_base.py", line 402, in __get_result
    raise self._exception
  File "/usr/local/lib/python3.13/dist-packages/tenacity/__init__.py", line 473, in __call__
    result = fn(*args, **kwargs)
  File "/usr/local/lib/python3.13/dist-packages/google/genai/_api_client.py", line 1420, in _request_once
    errors.APIError.raise_for_response(response)
    ~~~~~~~~~~~~~~~~~~~~~~~~~~~~~~~~~~^^^^^^^^^^
  File "/usr/local/lib/python3.13/dist-packages/google/genai/errors.py", line 155, in raise_for_response
    cls.raise_error(response.status_code, response_json, response)
    ~~~~~~~~~~~~~~~^^^^^^^^^^^^^^^^^^^^^^^^^^^^^^^^^^^^^^^^^^^^^^^
  File "/usr/local/lib/python3.13/dist-packages/google/genai/errors.py", line 184, in raise_error
    raise ClientError(status_code, response_json, response)
google.genai.errors.ClientError: 401 UNAUTHENTICATED. {'error': {'code': 401, 'message': 'Request had invalid authentication credentials. Expected OAuth 2 access token, login cookie or other valid authentication credential. See https://developers.google.com/identity/sign-in/web/devconsole-project.', 'status': 'UNAUTHENTICATED', 'details': [{'@type': 'type.googleapis.com/google.rpc.ErrorInfo', 'reason': 'ACCESS_TOKEN_TYPE_UNSUPPORTED', 'metadata': {'method': 'google.ai.generativelanguage.v1beta.GenerativeService.GenerateContent', 'service': 'generativelanguage.googleapis.com'}}]}}

---
financebench_id_00591	401 UNAUTHENTICATED. {'error': {'code': 401, 'message': 'Request had invalid authentication credentials. Expected OAuth 2 access token, login cookie or other valid authentication credential. See https://developers.google.com/identity/sign-in/web/devconsole-project.', 'status': 'UNAUTHENTICATED', 'details': [{'@type': 'type.googleapis.com/google.rpc.ErrorInfo', 'reason': 'ACCESS_TOKEN_TYPE_UNSUPPORTED', 'metadata': {'service': 'generativelanguage.googleapis.com', 'method': 'google.ai.generativelanguage.v1beta.GenerativeService.GenerateContent'}}]}}
Traceback (most recent call last):
  File "/tmp/ipykernel_5714/3490092669.py", line 39, in embed_all_queries
    expanded_query, usage = expand_query(genai_client, row.question, expansion_model)
                            ~~~~~~~~~~~~^^^^^^^^^^^^^^^^^^^^^^^^^^^^^^^^^^^^^^^^^^^^^
  File "/tmp/ipykernel_5714/1185407202.py", line 10, in expand_query
    resp = _generate(genai_client, model, EXPANSION_PROMPT.format(question=question))
  File "/tmp/ipykernel_5714/3914611726.py", line 27, in wrapper
    return fn(*args, **kwargs)
  File "/tmp/ipykernel_5714/3914611726.py", line 120, in _generate
    return genai_client.models.generate_content(model=model, contents=prompt)
           ~~~~~~~~~~~~~~~~~~~~~~~~~~~~~~~~~~~~^^^^^^^^^^^^^^^^^^^^^^^^^^^^^^
  File "/usr/local/lib/python3.13/dist-packages/google/genai/models.py", line 6558, in generate_content
    response = self._generate_content(
        model=model, contents=contents, config=parsed_config_to_call
    )
  File "/usr/local/lib/python3.13/dist-packages/google/genai/models.py", line 4986, in _generate_content
    response = self._api_client.request(
        'post', path, request_dict, http_options
    )
  File "/usr/local/lib/python3.13/dist-packages/google/genai/_api_client.py", line 1650, in request
    response = self._request(http_request, http_options, stream=False)
  File "/usr/local/lib/python3.13/dist-packages/google/genai/_api_client.py", line 1443, in _request
    return self._retry(self._request_once, http_request, stream)  # type: ignore[no-any-return]
           ~~~~~~~~~~~^^^^^^^^^^^^^^^^^^^^^^^^^^^^^^^^^^^^^^^^^^
  File "/usr/local/lib/python3.13/dist-packages/tenacity/__init__.py", line 470, in __call__
    do = self.iter(retry_state=retry_state)
  File "/usr/local/lib/python3.13/dist-packages/tenacity/__init__.py", line 371, in iter
    result = action(retry_state)
  File "/usr/local/lib/python3.13/dist-packages/tenacity/__init__.py", line 413, in exc_check
    raise retry_exc.reraise()
          ~~~~~~~~~~~~~~~~~^^
  File "/usr/local/lib/python3.13/dist-packages/tenacity/__init__.py", line 184, in reraise
    raise self.last_attempt.result()
          ~~~~~~~~~~~~~~~~~~~~~~~~^^
  File "/usr/lib/python3.13/concurrent/futures/_base.py", line 453, in result
    return self.__get_result()
           ~~~~~~~~~~~~~~~~~^^
  File "/usr/lib/python3.13/concurrent/futures/_base.py", line 402, in __get_result
    raise self._exception
  File "/usr/local/lib/python3.13/dist-packages/tenacity/__init__.py", line 473, in __call__
    result = fn(*args, **kwargs)
  File "/usr/local/lib/python3.13/dist-packages/google/genai/_api_client.py", line 1420, in _request_once
    errors.APIError.raise_for_response(response)
    ~~~~~~~~~~~~~~~~~~~~~~~~~~~~~~~~~~^^^^^^^^^^
  File "/usr/local/lib/python3.13/dist-packages/google/genai/errors.py", line 155, in raise_for_response
    cls.raise_error(response.status_code, response_json, response)
    ~~~~~~~~~~~~~~~^^^^^^^^^^^^^^^^^^^^^^^^^^^^^^^^^^^^^^^^^^^^^^^
  File "/usr/local/lib/python3.13/dist-packages/google/genai/errors.py", line 184, in raise_error
    raise ClientError(status_code, response_json, response)
google.genai.errors.ClientError: 401 UNAUTHENTICATED. {'error': {'code': 401, 'message': 'Request had invalid authentication credentials. Expected OAuth 2 access token, login cookie or other valid authentication credential. See https://developers.google.com/identity/sign-in/web/devconsole-project.', 'status': 'UNAUTHENTICATED', 'details': [{'@type': 'type.googleapis.com/google.rpc.ErrorInfo', 'reason': 'ACCESS_TOKEN_TYPE_UNSUPPORTED', 'metadata': {'service': 'generativelanguage.googleapis.com', 'method': 'google.ai.generativelanguage.v1beta.GenerativeService.GenerateContent'}}]}}

---
financebench_id_01319	401 UNAUTHENTICATED. {'error': {'code': 401, 'message': 'Request had invalid authentication credentials. Expected OAuth 2 access token, login cookie or other valid authentication credential. See https://developers.google.com/identity/sign-in/web/devconsole-project.', 'status': 'UNAUTHENTICATED', 'details': [{'@type': 'type.googleapis.com/google.rpc.ErrorInfo', 'reason': 'ACCESS_TOKEN_TYPE_UNSUPPORTED', 'metadata': {'method': 'google.ai.generativelanguage.v1beta.GenerativeService.GenerateContent', 'service': 'generativelanguage.googleapis.com'}}]}}
Traceback (most recent call last):
  File "/tmp/ipykernel_5714/3490092669.py", line 39, in embed_all_queries
    expanded_query, usage = expand_query(genai_client, row.question, expansion_model)
                            ~~~~~~~~~~~~^^^^^^^^^^^^^^^^^^^^^^^^^^^^^^^^^^^^^^^^^^^^^
  File "/tmp/ipykernel_5714/1185407202.py", line 10, in expand_query
    resp = _generate(genai_client, model, EXPANSION_PROMPT.format(question=question))
  File "/tmp/ipykernel_5714/3914611726.py", line 27, in wrapper
    return fn(*args, **kwargs)
  File "/tmp/ipykernel_5714/3914611726.py", line 120, in _generate
    return genai_client.models.generate_content(model=model, contents=prompt)
           ~~~~~~~~~~~~~~~~~~~~~~~~~~~~~~~~~~~~^^^^^^^^^^^^^^^^^^^^^^^^^^^^^^
  File "/usr/local/lib/python3.13/dist-packages/google/genai/models.py", line 6558, in generate_content
    response = self._generate_content(
        model=model, contents=contents, config=parsed_config_to_call
    )
  File "/usr/local/lib/python3.13/dist-packages/google/genai/models.py", line 4986, in _generate_content
    response = self._api_client.request(
        'post', path, request_dict, http_options
    )
  File "/usr/local/lib/python3.13/dist-packages/google/genai/_api_client.py", line 1650, in request
    response = self._request(http_request, http_options, stream=False)
  File "/usr/local/lib/python3.13/dist-packages/google/genai/_api_client.py", line 1443, in _request
    return self._retry(self._request_once, http_request, stream)  # type: ignore[no-any-return]
           ~~~~~~~~~~~^^^^^^^^^^^^^^^^^^^^^^^^^^^^^^^^^^^^^^^^^^
  File "/usr/local/lib/python3.13/dist-packages/tenacity/__init__.py", line 470, in __call__
    do = self.iter(retry_state=retry_state)
  File "/usr/local/lib/python3.13/dist-packages/tenacity/__init__.py", line 371, in iter
    result = action(retry_state)
  File "/usr/local/lib/python3.13/dist-packages/tenacity/__init__.py", line 413, in exc_check
    raise retry_exc.reraise()
          ~~~~~~~~~~~~~~~~~^^
  File "/usr/local/lib/python3.13/dist-packages/tenacity/__init__.py", line 184, in reraise
    raise self.last_attempt.result()
          ~~~~~~~~~~~~~~~~~~~~~~~~^^
  File "/usr/lib/python3.13/concurrent/futures/_base.py", line 453, in result
    return self.__get_result()
           ~~~~~~~~~~~~~~~~~^^
  File "/usr/lib/python3.13/concurrent/futures/_base.py", line 402, in __get_result
    raise self._exception
  File "/usr/local/lib/python3.13/dist-packages/tenacity/__init__.py", line 473, in __call__
    result = fn(*args, **kwargs)
  File "/usr/local/lib/python3.13/dist-packages/google/genai/_api_client.py", line 1420, in _request_once
    errors.APIError.raise_for_response(response)
    ~~~~~~~~~~~~~~~~~~~~~~~~~~~~~~~~~~^^^^^^^^^^
  File "/usr/local/lib/python3.13/dist-packages/google/genai/errors.py", line 155, in raise_for_response
    cls.raise_error(response.status_code, response_json, response)
    ~~~~~~~~~~~~~~~^^^^^^^^^^^^^^^^^^^^^^^^^^^^^^^^^^^^^^^^^^^^^^^
  File "/usr/local/lib/python3.13/dist-packages/google/genai/errors.py", line 184, in raise_error
    raise ClientError(status_code, response_json, response)
google.genai.errors.ClientError: 401 UNAUTHENTICATED. {'error': {'code': 401, 'message': 'Request had invalid authentication credentials. Expected OAuth 2 access token, login cookie or other valid authentication credential. See https://developers.google.com/identity/sign-in/web/devconsole-project.', 'status': 'UNAUTHENTICATED', 'details': [{'@type': 'type.googleapis.com/google.rpc.ErrorInfo', 'reason': 'ACCESS_TOKEN_TYPE_UNSUPPORTED', 'metadata': {'method': 'google.ai.generativelanguage.v1beta.GenerativeService.GenerateContent', 'service': 'generativelanguage.googleapis.com'}}]}}

---
