financebench_id_03029	'RetrievalMetrics' object has no attribute 'ndcg_at_k'
Traceback (most recent call last):
  File "/tmp/ipykernel_2066/930991019.py", line 77, in run_pageindex_hybrid_all
    "recall_at_k": metrics.recall_at_k, "mrr_at_k": metrics.mrr_at_k, "ndcg_at_k": metrics.ndcg_at_k,
                                                                                   ^^^^^^^^^^^^^^^^^
AttributeError: 'RetrievalMetrics' object has no attribute 'ndcg_at_k'

---
financebench_id_04672	'RetrievalMetrics' object has no attribute 'ndcg_at_k'
Traceback (most recent call last):
  File "/tmp/ipykernel_2066/930991019.py", line 77, in run_pageindex_hybrid_all
    "recall_at_k": metrics.recall_at_k, "mrr_at_k": metrics.mrr_at_k, "ndcg_at_k": metrics.ndcg_at_k,
                                                                                   ^^^^^^^^^^^^^^^^^
AttributeError: 'RetrievalMetrics' object has no attribute 'ndcg_at_k'

---
financebench_id_00499	'RetrievalMetrics' object has no attribute 'ndcg_at_k'
Traceback (most recent call last):
  File "/tmp/ipykernel_2066/930991019.py", line 77, in run_pageindex_hybrid_all
    "recall_at_k": metrics.recall_at_k, "mrr_at_k": metrics.mrr_at_k, "ndcg_at_k": metrics.ndcg_at_k,
                                                                                   ^^^^^^^^^^^^^^^^^
AttributeError: 'RetrievalMetrics' object has no attribute 'ndcg_at_k'

---
financebench_id_01226	'RetrievalMetrics' object has no attribute 'ndcg_at_k'
Traceback (most recent call last):
  File "/tmp/ipykernel_2066/930991019.py", line 77, in run_pageindex_hybrid_all
    "recall_at_k": metrics.recall_at_k, "mrr_at_k": metrics.mrr_at_k, "ndcg_at_k": metrics.ndcg_at_k,
                                                                                   ^^^^^^^^^^^^^^^^^
AttributeError: 'RetrievalMetrics' object has no attribute 'ndcg_at_k'

---
financebench_id_01865	'RetrievalMetrics' object has no attribute 'ndcg_at_k'
Traceback (most recent call last):
  File "/tmp/ipykernel_2066/930991019.py", line 77, in run_pageindex_hybrid_all
    "recall_at_k": metrics.recall_at_k, "mrr_at_k": metrics.mrr_at_k, "ndcg_at_k": metrics.ndcg_at_k,
                                                                                   ^^^^^^^^^^^^^^^^^
AttributeError: 'RetrievalMetrics' object has no attribute 'ndcg_at_k'

---
